ok recovery_a 104857600 7f31fed102ba9aed9e19a896c2b5ceb58f85b2169200161240df6056a02a6d9a
ok recovery_b 104857600 9e21fce24052df4e264c95ca21cdcdc012e16c44e5574f08df6d5294d6287154
ok boot_a 201326592 cc927dc0c98005c2d9d1ed2119f362e1ad8dbac4534fdff7ba9e6d4a16dcc309
ok boot_b 201326592 ec19f604c4bdf3f3bebd1d8ab704f5d8581db744e68bd164adeee2d0cf4d7183
ok vendor_boot_a 100663296 6c5d7e2ec218d57a46f8f9aab0e085f02fac8ae9abd65f839b44ed2a41f75467
ok vendor_boot_b 100663296 9e38b4d8b9cee4039a04f26c36292234b7ca69ea671ae142e38aaee0be67658e
ok dtbo_a 67108864 eb7d27c49e9abbbfc9c7a5df87a2e3e803cef72229fe9b9b6a7f84a53b85e33f
ok dtbo_b 67108864 04dcc38f18dfdfca25d70f89f16047e6497522636387aa4878956d40ac91b0e1
ok vbmeta_a 131072 aa7e544f84c86c63e9acbe1e26a0bd0f6e5c490cd1595c54264402231a6a12a2
ok vbmeta_b 131072 bd8bcfae3216372ab16f2f59b16ec7fab0c340c3ee941a31a1dc006193e22295
ok vbmeta_system_a 131072 cab08d85bd3267c3dedfe1dbdadcd493e60d140bb30aebe8de131373fd08dc37
ok vbmeta_system_b 131072 a07ec57b4766872f5639247332d242352ebf20c063fbdd39a3a03b61f99eeccd
ok persist 67108864 a4f868a1c35599710286962efc44549e5f6d02d3ca7d393f67f7fca0c3679c1d
ok persistbak 67108864 d10f9e3255e62ad8a5b06cec2fc44dbf2e163751d85dc4ce5d182c588815b6a4
ok modemst1 8388608 2f80d6085f998708fb9e945e1e756c6ad1d7ab37d125a6e2b8255db59f88012d
ok modemst2 8388608 b50d7b983fbfe7a4283cee3faf124b7b43cd28d7eec249f152f979263bd855ad
ok fsg 8388608 7ef3a52edc8bf61dcb15056b3cad43e021d0e766f61be3f8674283ee1ecb3a73
ok fsc 1048576 30e14955ebf1352266dc2ff8067e68104607e750abb9d3b36582b8af909fcb58
ok devinfo 16777216 849db40e86da49934946fa49895f9a1e83066abb965e04338bff369e5a6fb8fc
ok misc 4194304 d2ee5fc7919c7465418c4f9ad343ddb5759353fb1d74fe9e2124d524fd7e73b5
ok metadata 16777216 276eda5d0b086ea0b35af8434839875b6a2684c723e4f566c15d449377a31285
ok frp 524288 f5263e84687576c3b997ca5ab9e9958567076171d20542589669ad99df8a70ae
ok abl_a 8388608 3680b9d5537144af4c0187123e33fbce1240b701f27d1ef3d290b871c99d37d4
ok abl_b 8388608 592f112fd52c62cb2008dc4432c78f7584631e538374e7e89f956875a273bb8e
ok acs 1048576 5b18b570e930f1a98949ff893404da091e8c80b00e70f851a5ffb8e069ec3db2
ok ALIGN_TO_128K_1 106496 caa961e702d561d3245d06bf54fb5fe35bf75037032d764ec11fcb5ac1d41c1c
ok ALIGN_TO_128K_2 106496 caa961e702d561d3245d06bf54fb5fe35bf75037032d764ec11fcb5ac1d41c1c
ok aop_a 524288 9d3dcc46bebf9f4dabb3982daf62575224a4e7ee165cba08b7f8c01379d6ec3f
ok aop_b 524288 d8a780a833f120c4c0f5e1005600130dd33257e77e8d4c0ea14c7977eba18e91
ok aop_config_a 524288 d3035ba513bcf7cf34b37c40ee83447975ec09d69d26a10eefb515908fc21915
ok aop_config_b 524288 0f67ef5d2e623ad846cfeb1cba085a16444b7365d9b5ab013145288e672bc7d8
ok apdp 262144 706830fb22efb870b31e347e22c092e3e80ad51e960a1d955a1c77dcceaeafe1
ok apdp2 7745536 e57a1546b29cd045f54403ef2bf391ee143a3ea8653e18a7323aafc2b380977b
ok bk01 32768 c35020473aed1b4642cd726cad727b63fff2824ad68cedd7ffb73c7cbd890479
ok bk010 29097984 9f89f807642bb0a8f2099eb74888f1e4a1af6982d0b7c2ffee2dc16c0776771f
ok bk011 62914560 cf5ac69ca412f9b3b1a8b8de27d368c5c05ed4b1b6aa40e6c38d9cbf23711342
ok bk02 131072 fa43239bcee7b97ca62f007cc68487560a39e19f74f3dde7486db3f98df8e471
ok bk03 262144 8a39d2abd3999ab73c34db2476849cddf303ce389b35826850f9a700589b4a90
ok bk04 524288 07854d2fef297a06ba81685e660c332de36d5d18d546927d30daad6d7fda1541
ok bk05 8388608 2daeb1f36095b44b318410b3f4e8b5d989dcc7bb023d1426c492dab0a3053e74
ok bk06 16777216 080acf35a507ac9849cfcba47dc2ad83e01b75663a516279c8b9d243b719643e
ok bk07 33554432 83ee47245398adee79bd9c0a8bc57b821e92aba10f5f9ade8a5d1fae4d8c4302
ok bk08 67108864 3b6a07d0d404fab4e23b6d34bc6696a6a312dd92821332385e5af7c01c421351
ok bk31 1048576 30e14955ebf1352266dc2ff8067e68104607e750abb9d3b36582b8af909fcb58
ok bk32 2097152 5647f05ec18958947d32874eeb788fa396a05d0bab7c1b71f112ceb7e9b31eee
ok bk41_a 2097152 5647f05ec18958947d32874eeb788fa396a05d0bab7c1b71f112ceb7e9b31eee
ok bk41_b 2097152 5647f05ec18958947d32874eeb788fa396a05d0bab7c1b71f112ceb7e9b31eee
ok bk42 524288 07854d2fef297a06ba81685e660c332de36d5d18d546927d30daad6d7fda1541
ok bk43 33554432 83ee47245398adee79bd9c0a8bc57b821e92aba10f5f9ade8a5d1fae4d8c4302
ok bk51 917504 b527dab94f6bf43c3ccbea0f804d18604204064047f4efa0f7b6d859c2d706eb
ok bluetooth_a 4194304 9f89da16b03efbb11b21950aedf37aa8a921731de59007ec2c6db78d0e4ab5b6
ok bluetooth_b 4194304 6c286632e4b4ff8aafb91ddb1a733a0edbda368a4c4e998dbed6b7d276e58915
ok cdt 131072 fa43239bcee7b97ca62f007cc68487560a39e19f74f3dde7486db3f98df8e471
ok connsec 131072 fa43239bcee7b97ca62f007cc68487560a39e19f74f3dde7486db3f98df8e471
ok countrycode 2097152 5647f05ec18958947d32874eeb788fa396a05d0bab7c1b71f112ceb7e9b31eee
ok cpucp_a 1048576 61024dfe8d8f4c7b0771c80f3afa8e40aaf5d56ec1fceb081f43ee34c0ab9ec7
ok cpucp_b 1048576 b331a647234d412b444b7964751a9eccd61c54bebf73aca7380a476ad108b5c4
ok crash_history 60817408 d35fb96a34f97578494de50727ba1c7605331c808d3934d3831900f547007345
ok cust 2147483648 85eea90245780ca019961a9d3906816eed596790fa7a8588cfe323582ffdea7c
ok dbg 32768 c35020473aed1b4642cd726cad727b63fff2824ad68cedd7ffb73c7cbd890479
ok ddr 2097152 eb0f585b1ae6dce39d69874ae2aa71eb4d3c69e61f176d035c4156850ff639eb
ok devcfg_a 262144 29206dafd47b75da21ee40c96bf88e445d71454dbfb340180705d6d01cf70e8c
ok devcfg_b 262144 28b74e09d3dd34002d62f609a260e6fd9718172eb305a9f7f4c96b226f13667b
ok dip 1048576 30e14955ebf1352266dc2ff8067e68104607e750abb9d3b36582b8af909fcb58
ok dsp_a 67108864 efa4c5a50b1a906a43c0ccb5ff553add2094e50c3c5ae99a1f23d2aedd0287f1
ok dsp_b 67108864 efa4c5a50b1a906a43c0ccb5ff553add2094e50c3c5ae99a1f23d2aedd0287f1
ok featenabler_a 131072 8bc3ae33b4d5626d453d8fcf1be2c0584020903762e1c567a6f012e6ce160bac
ok featenabler_b 131072 8bc3ae33b4d5626d453d8fcf1be2c0584020903762e1c567a6f012e6ce160bac
ok ffu 8388608 2daeb1f36095b44b318410b3f4e8b5d989dcc7bb023d1426c492dab0a3053e74
ok gsort 16777216 74224ae5f6202da1f9bc8d765d3f53b079ab316d7bfbedfa45eeed16070f83e0
ok hyp_a 8388608 e2141974cb961e9c7693a378d8afc266ce8de12452318ceb33575bd901538da1
ok hyp_b 8388608 2095152a652e4988499c9e2e5919fb037dd485839ec904d05366e34ab1f05a94
ok imagefv_a 50331648 d6d9fdc0c42f60ff4d61bae6e6a4223073de0f72494e994423d6791bf93e2e33
ok imagefv_b 50331648 de6e82aa53a1fa2d40bd0bbb9fd53ccd721c49ccc30b4cb57f1832d1b40a0aa0
ok junklog 268435456 0a2c8e759373d20db36dacd32c4c3e2b1b491f3414f21f8e24cd5bc7637f9daf
ok keymaster_a 1048576 0e57a67fd920231bd2e9dfeb688124d0ba0ce5f1b3d006880f6ec71221ae47a2
ok keymaster_b 1048576 681ad93ad2c2e4447314ea3d74c6bce8f8a2318c1bbcce3de1bc4051efab6c8a
ok keystore 524288 07854d2fef297a06ba81685e660c332de36d5d18d546927d30daad6d7fda1541
ok limits 32768 c35020473aed1b4642cd726cad727b63fff2824ad68cedd7ffb73c7cbd890479
ok limits-cdsp 32768 c35020473aed1b4642cd726cad727b63fff2824ad68cedd7ffb73c7cbd890479
ok logdump 536870912 9acca8e8c22201155389f65abbf6bc9723edc7384ead80503839f49dcc56d767
ok logfs 8388608 846bfa3e0bf7ae5727ad778440537218479cfbb77cb1655beab03fb8af525ab5
ok mbnconfig 33554432 83ee47245398adee79bd9c0a8bc57b821e92aba10f5f9ade8a5d1fae4d8c4302
ok mdcompress 20971520 cd52d81e25f372e6fa4db2c0dfceb59862c1969cab17096da352b34950c973cc
ok mdtp_a 33554432 83ee47245398adee79bd9c0a8bc57b821e92aba10f5f9ade8a5d1fae4d8c4302
ok mdtp_b 33554432 83ee47245398adee79bd9c0a8bc57b821e92aba10f5f9ade8a5d1fae4d8c4302
ok mdtpsecapp_a 4194304 bb9f8df61474d25e71fa00722318cd387396ca1736605e1248821cc0de3d3af8
ok mdtpsecapp_b 4194304 bb9f8df61474d25e71fa00722318cd387396ca1736605e1248821cc0de3d3af8
ok mem 4194304 bb9f8df61474d25e71fa00722318cd387396ca1736605e1248821cc0de3d3af8
ok minidump 262144000 2c59bc4785732188288c1f5b68205dfc577aa87daa21269f978281bd431d1aa7
ok modem_a 469762048 0539d9ddb8859252e1df1dbdde209fd982ddac71f2cbd2dae8e073faf022657e
--- 2026-09-24T18:55:10-03:00 adb disconnected during modem_b; partial file removed
ok modem_b 469762048 e2c78364db3e074acf7dbea772679ba84cf949bffca05a6bf14fb7ce06c6c2ff
ok mtdblk 33554432 83ee47245398adee79bd9c0a8bc57b821e92aba10f5f9ade8a5d1fae4d8c4302
ok multiimgoem_a 32768 d62b751a028bd8488fc662ef13a0be1d5036fb9f468d47764011771cb94d1297
ok multiimgoem_b 32768 d62b751a028bd8488fc662ef13a0be1d5036fb9f468d47764011771cb94d1297
ok multiimgqti_a 32768 cc3156e08a1ed02be2ef6269682ffa5944141b75b1c9adbfd38320a6565a4b25
ok multiimgqti_b 32768 cc3156e08a1ed02be2ef6269682ffa5944141b75b1c9adbfd38320a6565a4b25
ok oops 16777216 080acf35a507ac9849cfcba47dc2ad83e01b75663a516279c8b9d243b719643e
ok opconfig 20971520 cd52d81e25f372e6fa4db2c0dfceb59862c1969cab17096da352b34950c973cc
